// Jest Snapshot v1, https://goo.gl/fbAQLP

exports[`Profile Component renders without crashing 1`] = `undefined`;
